# 89 nibs
tnib-t025	0	{"total":0,"done":0,"percent":0,"scrapped":0,"deferred":0}
tnib-t031	0	{"total":0,"done":0,"percent":0,"scrapped":0,"deferred":0}
tnib-t028	0	{"total":0,"done":0,"percent":0,"scrapped":0,"deferred":0}
tnib-t023	0	{"total":0,"done":0,"percent":0,"scrapped":0,"deferred":0}
tnib-t012	0	{"total":0,"done":0,"percent":0,"scrapped":0,"deferred":0}
tnib-f004	4	{"total":4,"done":3,"percent":75,"scrapped":0,"deferred":0}
tnib-t041	0	{"total":0,"done":0,"percent":0,"scrapped":0,"deferred":0}
tnib-t009	0	{"total":0,"done":0,"percent":0,"scrapped":0,"deferred":0}
tnib-t029	0	{"total":0,"done":0,"percent":0,"scrapped":0,"deferred":0}
tnib-t006	0	{"total":0,"done":0,"percent":0,"scrapped":0,"deferred":0}
tnib-t021	0	{"total":0,"done":0,"percent":0,"scrapped":0,"deferred":0}
tnib-f001	3	{"total":3,"done":3,"percent":100,"scrapped":0,"deferred":0}
tnib-t016	0	{"total":0,"done":0,"percent":0,"scrapped":0,"deferred":0}
tnib-t004	0	{"total":0,"done":0,"percent":0,"scrapped":0,"deferred":0}
tnib-t001	0	{"total":0,"done":0,"percent":0,"scrapped":0,"deferred":0}
tnib-t014	0	{"total":0,"done":0,"percent":0,"scrapped":0,"deferred":0}
tnib-f016	2	{"total":2,"done":0,"percent":0,"scrapped":0,"deferred":0}
tnib-t019	0	{"total":0,"done":0,"percent":0,"scrapped":0,"deferred":0}
tnib-e005	2	{"total":2,"done":0,"percent":0,"scrapped":0,"deferred":0}
tnib-t026	0	{"total":0,"done":0,"percent":0,"scrapped":0,"deferred":0}
tnib-f008	2	{"total":2,"done":0,"percent":0,"scrapped":0,"deferred":0}
tnib-e001	5	{"total":5,"done":1,"percent":20,"scrapped":0,"deferred":0}
tnib-m001	4	{"total":4,"done":0,"percent":0,"scrapped":0,"deferred":0}
tnib-f011	3	{"total":3,"done":0,"percent":0,"scrapped":0,"deferred":0}
tnib-f014	2	{"total":2,"done":0,"percent":0,"scrapped":0,"deferred":0}
tnib-f015	1	{"total":1,"done":0,"percent":0,"scrapped":0,"deferred":0}
tnib-t015	0	{"total":0,"done":0,"percent":0,"scrapped":0,"deferred":0}
tnib-t002	0	{"total":0,"done":0,"percent":0,"scrapped":0,"deferred":0}
tnib-t022	0	{"total":0,"done":0,"percent":0,"scrapped":0,"deferred":0}
tnib-t013	0	{"total":0,"done":0,"percent":0,"scrapped":0,"deferred":0}
tnib-t020	0	{"total":0,"done":0,"percent":0,"scrapped":0,"deferred":0}
tnib-t027	0	{"total":0,"done":0,"percent":0,"scrapped":0,"deferred":0}
tnib-f017	1	{"total":1,"done":0,"percent":0,"scrapped":0,"deferred":0}
tnib-t005	0	{"total":0,"done":0,"percent":0,"scrapped":0,"deferred":0}
tnib-t042	0	{"total":0,"done":0,"percent":0,"scrapped":0,"deferred":0}
tnib-t030	0	{"total":0,"done":0,"percent":0,"scrapped":0,"deferred":0}
tnib-t010	0	{"total":0,"done":0,"percent":0,"scrapped":0,"deferred":0}
tnib-t024	0	{"total":0,"done":0,"percent":0,"scrapped":0,"deferred":0}
tnib-t007	0	{"total":0,"done":0,"percent":0,"scrapped":0,"deferred":0}
tnib-e006	3	{"total":3,"done":0,"percent":0,"scrapped":0,"deferred":0}
tnib-f002	4	{"total":4,"done":2,"percent":50,"scrapped":0,"deferred":0}
tnib-f009	2	{"total":2,"done":0,"percent":0,"scrapped":0,"deferred":0}
tnib-f012	0	{"total":0,"done":0,"percent":0,"scrapped":0,"deferred":0}
tnib-t017	0	{"total":0,"done":0,"percent":0,"scrapped":0,"deferred":0}
tnib-f005	3	{"total":3,"done":1,"percent":33,"scrapped":0,"deferred":0}
tnib-e002	6	{"total":6,"done":1,"percent":17,"scrapped":0,"deferred":0}
tnib-m002	2	{"total":2,"done":0,"percent":0,"scrapped":0,"deferred":0}
tnib-t011	0	{"total":0,"done":0,"percent":0,"scrapped":0,"deferred":0}
tnib-b003	0	{"total":0,"done":0,"percent":0,"scrapped":0,"deferred":0}
tnib-e003	4	{"total":4,"done":0,"percent":0,"scrapped":0,"deferred":0}
tnib-f010	0	{"total":0,"done":0,"percent":0,"scrapped":0,"deferred":0}
tnib-b001	0	{"total":0,"done":0,"percent":0,"scrapped":0,"deferred":0}
tnib-f003	2	{"total":2,"done":0,"percent":0,"scrapped":0,"deferred":0}
tnib-b007	0	{"total":0,"done":0,"percent":0,"scrapped":0,"deferred":0}
tnib-f013	1	{"total":0,"done":0,"percent":0,"scrapped":1,"deferred":0}
tnib-t032	0	{"total":0,"done":0,"percent":0,"scrapped":0,"deferred":0}
tnib-f006	2	{"total":2,"done":0,"percent":0,"scrapped":0,"deferred":0}
tnib-b006	0	{"total":0,"done":0,"percent":0,"scrapped":0,"deferred":0}
tnib-t003	0	{"total":0,"done":0,"percent":0,"scrapped":0,"deferred":0}
tnib-e004	3	{"total":2,"done":0,"percent":0,"scrapped":1,"deferred":1}
tnib-t033	0	{"total":0,"done":0,"percent":0,"scrapped":0,"deferred":0}
tnib-b005	0	{"total":0,"done":0,"percent":0,"scrapped":0,"deferred":0}
tnib-r001	0	{"total":0,"done":0,"percent":0,"scrapped":0,"deferred":0}
tnib-r002	0	{"total":0,"done":0,"percent":0,"scrapped":0,"deferred":0}
tnib-f007	2	{"total":2,"done":0,"percent":0,"scrapped":0,"deferred":0}
tnib-t008	0	{"total":0,"done":0,"percent":0,"scrapped":0,"deferred":0}
tnib-t018	0	{"total":0,"done":0,"percent":0,"scrapped":0,"deferred":0}
tnib-b002	0	{"total":0,"done":0,"percent":0,"scrapped":0,"deferred":0}
tnib-t034	0	{"total":0,"done":0,"percent":0,"scrapped":0,"deferred":0}
tnib-t035	0	{"total":0,"done":0,"percent":0,"scrapped":0,"deferred":0}
tnib-b004	0	{"total":0,"done":0,"percent":0,"scrapped":0,"deferred":0}
tnib-t036	0	{"total":0,"done":0,"percent":0,"scrapped":0,"deferred":0}
tnib-t037	0	{"total":0,"done":0,"percent":0,"scrapped":0,"deferred":0}
tnib-t038	0	{"total":0,"done":0,"percent":0,"scrapped":0,"deferred":0}
tnib-t039	0	{"total":0,"done":0,"percent":0,"scrapped":0,"deferred":0}
tnib-t040	0	{"total":0,"done":0,"percent":0,"scrapped":0,"deferred":0}
tnib-t043	0	{"total":0,"done":0,"percent":0,"scrapped":0,"deferred":0}
tnib-t044	0	{"total":0,"done":0,"percent":0,"scrapped":0,"deferred":0}
tnib-b008	0	{"total":0,"done":0,"percent":0,"scrapped":0,"deferred":0}
tnib-b009	0	{"total":0,"done":0,"percent":0,"scrapped":0,"deferred":0}
tnib-b010	0	{"total":0,"done":0,"percent":0,"scrapped":0,"deferred":0}
tnib-b011	0	{"total":0,"done":0,"percent":0,"scrapped":0,"deferred":0}
tnib-f018	0	{"total":0,"done":0,"percent":0,"scrapped":0,"deferred":0}
tnib-f019	0	{"total":0,"done":0,"percent":0,"scrapped":0,"deferred":0}
tnib-f020	2	{"total":2,"done":0,"percent":0,"scrapped":0,"deferred":0}
tnib-b012	0	{"total":0,"done":0,"percent":0,"scrapped":0,"deferred":0}
tnib-b013	0	{"total":0,"done":0,"percent":0,"scrapped":0,"deferred":0}
tnib-b014	0	{"total":0,"done":0,"percent":0,"scrapped":0,"deferred":0}
tnib-b015	0	{"total":0,"done":0,"percent":0,"scrapped":0,"deferred":0}
