{
  "milestones": [
    {
      "milestone": {
        "id": "tnib-m001",
        "slug": "v1-mvp-launch",
        "path": "data/tnib-m001--v1-mvp-launch.md",
        "version": 2,
        "title": "v1.0 MVP Launch",
        "status": "in-progress",
        "type": "milestone",
        "priority": "critical",
        "created_at": "2026-02-15T09:00:00Z",
        "updated_at": "2026-03-25T14:30:00Z",
        "body": "\nShip the minimum viable product with core task management, user authentication, basic dashboard, and API foundation.\n\n## Goal\n\nDeliver a working product that early adopters can use for daily project management by end of Q1 2026.\n\n## Current Focus\n\n- Completing OAuth2 authentication flow\n- Stabilizing task management CRUD operations\n- Addressing critical security bugs before beta\n\n## Key Decisions\n\n- Chose PostgreSQL over MongoDB for ACID compliance requirements\n- REST API first, GraphQL deferred to v1.2\n- Server-side rendering deferred — SPA with Svelte for now\n",
        "documents": [
          "docs/product-roadmap.md"
        ],
        "order": "a",
        "etag": "a43cadc3b6d5eefc"
      },
      "progress": {
        "total": 4,
        "done": 0,
        "percent": 0,
        "scrapped": 0,
        "deferred": 0
      },
      "queue": [
        {
          "nib": {
            "id": "tnib-e001",
            "slug": "user-authentication",
            "path": "data/tnib-e001--user-authentication.md",
            "version": 2,
            "title": "User Authentication",
            "status": "in-progress",
            "type": "epic",
            "priority": "high",
            "created_at": "2026-02-18T10:00:00Z",
            "updated_at": "2026-03-24T16:00:00Z",
            "body": "\n## Objective\n\nImplement a complete authentication system supporting email/password, OAuth2 social providers, and secure session management.\n\n## Acceptance Criteria\n\n- [x] Users can register and log in with email/password\n- [x] Passwords hashed with bcrypt (cost 12)\n- [ ] OAuth2 login via Google and GitHub\n- [ ] Password reset via email link\n- [ ] Sessions invalidated on password change\n\n## Scope Boundaries\n\n- MFA is out of scope for v1.0\n- SAML/SSO deferred to enterprise tier\n",
            "documents": [
              "docs/auth-architecture.md"
            ],
            "milestone": "tnib-m001",
            "milestone_order": "a",
            "etag": "087d0acaf343def5"
          },
          "progress": {
            "total": 6,
            "done": 1,
            "percent": 17,
            "scrapped": 0,
            "deferred": 0
          },
          "items": [
            {
              "id": "tnib-f002",
              "slug": "oauth2-social-login",
              "path": "data/tnib-f002--oauth2-social-login.md",
              "version": 2,
              "title": "OAuth2 social login",
              "status": "in-progress",
              "type": "feature",
              "priority": "normal",
              "estimate": "l",
              "created_at": "2026-02-25T09:00:00Z",
              "updated_at": "2026-03-24T15:00:00Z",
              "body": "\nAllow users to log in via Google and GitHub OAuth2 providers. Account linking when email matches existing account.\n\n## Acceptance Criteria\n\n- [x] Google OAuth2 login flow\n- [ ] GitHub OAuth2 login flow\n- [ ] Account linking for matching emails\n- [ ] Graceful handling of denied permissions\n",
              "parent": "tnib-e001",
              "order": "b",
              "area": "auth",
              "etag": "7fb15e73551a9f57"
            },
            {
              "id": "tnib-f003",
              "slug": "password-reset-flow",
              "path": "data/tnib-f003--password-reset-flow.md",
              "version": 2,
              "title": "Password reset flow",
              "status": "todo",
              "type": "feature",
              "priority": "normal",
              "estimate": "m",
              "created_at": "2026-03-01T09:00:00Z",
              "updated_at": "2026-03-15T10:00:00Z",
              "body": "\nEmail-based password reset with secure token generation and configurable expiry.\n\n## Acceptance Criteria\n\n- [ ] \"Forgot password\" page sends reset email\n- [ ] Token valid for 1 hour, single-use\n- [ ] Rate limiting on reset requests\n- [ ] Password strength validation on new password\n",
              "parent": "tnib-e001",
              "order": "c",
              "etag": "e1525b2ef99f4327"
            },
            {
              "id": "tnib-t008",
              "slug": "auth-api-documentation",
              "path": "data/tnib-t008--auth-api-documentation.md",
              "version": 2,
              "title": "Write authentication API documentation",
              "status": "draft",
              "type": "task",
              "priority": "low",
              "estimate": "m",
              "tags": [
                "docs"
              ],
              "created_at": "2026-03-10T09:00:00Z",
              "updated_at": "2026-03-15T10:00:00Z",
              "body": "\n## Description\n\nDocument all authentication endpoints in the API reference: registration, login, logout, OAuth flows, password reset, and session management.\n\n## Verification\n\n- [ ] OpenAPI spec updated with auth endpoints\n- [ ] Request/response examples for each endpoint\n- [ ] Error code reference table\n- [ ] Authentication flow diagrams\n",
              "parent": "tnib-e001",
              "order": "d",
              "etag": "4eb881098a68bb98"
            },
            {
              "id": "tnib-b002",
              "slug": "session-tokens-not-invalidated",
              "path": "data/tnib-b002--session-tokens-not-invalidated.md",
              "version": 2,
              "title": "Session tokens not invalidated on password change",
              "status": "todo",
              "type": "bug",
              "priority": "critical",
              "estimate": "m",
              "tags": [
                "security"
              ],
              "created_at": "2026-03-15T10:00:00Z",
              "updated_at": "2026-03-20T09:00:00Z",
              "body": "\n## Steps to Reproduce\n\n1. Log in on Device A\n2. Change password on Device A\n3. Check Device B — still logged in with old session\n\n## Expected vs Actual\n\n**Expected:** All other sessions invalidated after password change\n**Actual:** Existing sessions remain valid indefinitely\n\n## Root Cause\n\nPassword change handler updates the password hash but doesn't increment the session generation counter. The session validation middleware doesn't check generation — it only validates the session token exists in Redis.\n",
              "parent": "tnib-e001",
              "order": "e",
              "area": "auth",
              "etag": "0bc8a984518686e6"
            },
            {
              "id": "tnib-b001",
              "slug": "oauth-callback-url-mismatch",
              "path": "data/tnib-b001--oauth-callback-url-mismatch.md",
              "version": 2,
              "title": "OAuth callback URL mismatch in production config",
              "status": "todo",
              "type": "bug",
              "priority": "high",
              "estimate": "s",
              "created_at": "2026-03-18T14:00:00Z",
              "updated_at": "2026-03-22T09:00:00Z",
              "body": "\n## Steps to Reproduce\n\n1. Deploy to production environment\n2. Click \"Login with Google\"\n3. Complete Google consent screen\n4. Observe \"redirect_uri_mismatch\" error\n\n## Expected vs Actual\n\n**Expected:** User redirected back to app and logged in\n**Actual:** Google returns `redirect_uri_mismatch` error because production config still has staging callback URL\n\n## Root Cause\n\n`OAUTH_CALLBACK_URL` environment variable in production is set to `https://staging.taskflow.dev/auth/callback` instead of `https://taskflow.dev/auth/callback`. Terraform config has the correct value but it wasn't applied after the last deploy.\n",
              "parent": "tnib-e001",
              "order": "f",
              "etag": "dcf001176210eb43"
            }
          ]
        },
        {
          "nib": {
            "id": "tnib-e002",
            "slug": "task-management-core",
            "path": "data/tnib-e002--task-management-core.md",
            "version": 2,
            "title": "Task Management Core",
            "status": "in-progress",
            "type": "epic",
            "priority": "high",
            "created_at": "2026-02-18T10:30:00Z",
            "updated_at": "2026-03-25T09:00:00Z",
            "body": "\n## Objective\n\nBuild the core task CRUD, assignment, prioritization, and subtask systems that form the backbone of the product.\n\n## Acceptance Criteria\n\n- [x] Full CRUD for tasks with validation\n- [x] Task assignment to users\n- [ ] Priority-based sorting and drag-and-drop reordering\n- [ ] Subtask/checklist support with depth limits\n\n## Scope Boundaries\n\n- Recurring tasks deferred to v1.2\n- Gantt chart view deferred to v1.1\n",
            "milestone": "tnib-m001",
            "milestone_order": "b",
            "etag": "6fcdd5030cc73bfb"
          },
          "progress": {
            "total": 7,
            "done": 1,
            "percent": 14,
            "scrapped": 0,
            "deferred": 0
          },
          "items": [
            {
              "id": "tnib-f005",
              "slug": "task-assignment-and-ownership",
              "path": "data/tnib-f005--task-assignment-and-ownership.md",
              "version": 2,
              "title": "Task assignment and ownership",
              "status": "in-progress",
              "type": "feature",
              "priority": "normal",
              "estimate": "m",
              "created_at": "2026-03-01T09:00:00Z",
              "updated_at": "2026-03-23T11:00:00Z",
              "body": "\nAssign tasks to team members with ownership tracking and notification on assignment changes.\n\n## Acceptance Criteria\n\n- [x] Assign/unassign users to tasks\n- [x] User-task relationship model\n- [ ] Email notification on assignment\n- [ ] Bulk assignment via API\n",
              "parent": "tnib-e002",
              "order": "b",
              "etag": "9d8f2d4aa2605a63"
            },
            {
              "id": "tnib-f006",
              "slug": "task-prioritization-and-sorting",
              "path": "data/tnib-f006--task-prioritization-and-sorting.md",
              "version": 2,
              "title": "Task prioritization and sorting",
              "status": "todo",
              "type": "feature",
              "priority": "normal",
              "estimate": "l",
              "created_at": "2026-03-05T09:00:00Z",
              "updated_at": "2026-03-15T10:00:00Z",
              "body": "\nAllow users to prioritize tasks with drag-and-drop reordering and optional auto-sorting by priority level.\n\n## Acceptance Criteria\n\n- [ ] Drag-and-drop reordering within a list\n- [ ] Priority-based auto-sort toggle\n- [ ] Persisted custom order per user per board\n",
              "parent": "tnib-e002",
              "order": "c",
              "etag": "da4d32ac8d8f8309"
            },
            {
              "id": "tnib-f007",
              "slug": "subtask-and-checklist-support",
              "path": "data/tnib-f007--subtask-and-checklist-support.md",
              "version": 2,
              "title": "Subtask and checklist support",
              "status": "draft",
              "type": "feature",
              "priority": "low",
              "estimate": "xl",
              "created_at": "2026-03-10T09:00:00Z",
              "updated_at": "2026-03-15T10:00:00Z",
              "body": "\nSupport nested subtasks and checklists within tasks, with progress aggregation and configurable depth limits.\n\n## Acceptance Criteria\n\n- [ ] Create subtasks nested under a parent task\n- [ ] Checklist items with completion toggle\n- [ ] Progress percentage aggregated from subtask completion\n- [ ] Configurable max nesting depth (default: 3)\n",
              "parent": "tnib-e002",
              "order": "d",
              "etag": "ab249c781e46d1c2"
            },
            {
              "id": "tnib-t018",
              "slug": "performance-benchmark-10k",
              "path": "data/tnib-t018--performance-benchmark-10k.md",
              "version": 2,
              "title": "Performance benchmark for 10k tasks",
              "status": "todo",
              "type": "task",
              "priority": "normal",
              "estimate": "m",
              "tags": [
                "perf"
              ],
              "created_at": "2026-03-10T09:00:00Z",
              "updated_at": "2026-03-15T10:00:00Z",
              "body": "\n## Description\n\nLoad test with 10,000 tasks to establish baseline performance metrics. Identify bottlenecks in list rendering and API response times.\n\n## Verification\n\n- [ ] Seed script creates 10k tasks with realistic data\n- [ ] API list endpoint responds in \u003c200ms at p95\n- [ ] UI list renders without jank (60fps scroll)\n- [ ] Document baseline metrics for future regression checks\n",
              "parent": "tnib-e002",
              "order": "e",
              "etag": "71ec204e7cd544ab"
            },
            {
              "id": "tnib-b004",
              "slug": "task-title-truncation",
              "path": "data/tnib-b004--task-title-truncation.md",
              "version": 2,
              "title": "Task title silently truncated at 255 characters",
              "status": "todo",
              "type": "bug",
              "priority": "low",
              "estimate": "s",
              "created_at": "2026-03-12T09:00:00Z",
              "updated_at": "2026-03-15T10:00:00Z",
              "body": "\n## Steps to Reproduce\n\n1. Create a task with a title longer than 255 characters via API\n2. Read the task back\n\n## Expected vs Actual\n\n**Expected:** Either accept full title (up to our stated 500 char limit) or return 400 if too long\n**Actual:** Title silently truncated to 255 chars by database column constraint\n\n## Root Cause\n\nDatabase column is `VARCHAR(255)` but API validation allows up to 500 chars. Either widen the column to 500 or lower the API limit to 255.\n",
              "parent": "tnib-e002",
              "order": "f",
              "etag": "2543a9599e9427fe"
            },
            {
              "id": "tnib-b003",
              "slug": "deactivated-user-assignment",
              "path": "data/tnib-b003--deactivated-user-assignment.md",
              "version": 2,
              "title": "Assigning task to deactivated user shows no error",
              "status": "in-progress",
              "type": "bug",
              "priority": "high",
              "estimate": "s",
              "created_at": "2026-03-20T09:00:00Z",
              "updated_at": "2026-03-24T15:00:00Z",
              "body": "\n## Steps to Reproduce\n\n1. Deactivate user \"alice@example.com\" via admin panel\n2. Assign a task to \"alice@example.com\" via API\n3. Request succeeds with 200 OK\n\n## Expected vs Actual\n\n**Expected:** 400 Bad Request with message \"Cannot assign to deactivated user\"\n**Actual:** Assignment succeeds silently; task shows as assigned to a ghost user\n\n## Root Cause\n\nAssignment endpoint only checks if user ID exists in users table, doesn't check `is_active` flag. Need to add `WHERE is_active = true` to the user lookup query.\n",
              "parent": "tnib-e002",
              "order": "g",
              "etag": "032d374cfa51e23c"
            }
          ]
        },
        {
          "nib": {
            "id": "tnib-e003",
            "slug": "dashboard-and-reporting",
            "path": "data/tnib-e003--dashboard-and-reporting.md",
            "version": 2,
            "title": "Dashboard \u0026 Reporting",
            "status": "todo",
            "type": "epic",
            "priority": "normal",
            "created_at": "2026-02-20T11:00:00Z",
            "updated_at": "2026-03-15T10:00:00Z",
            "body": "\n## Objective\n\nProvide team leads with velocity charts, personal dashboards, and exportable reports.\n\n## Acceptance Criteria\n\n- [ ] Team velocity chart with sprint-over-sprint comparison\n- [ ] Personal \"My Tasks\" dashboard with widget layout\n- [ ] Export to CSV and PDF\n\n## Scope Boundaries\n\n- Custom report builder deferred to v1.2\n- Real-time dashboard updates require v1.1 WebSocket infrastructure\n",
            "blocked_by": [
              "tnib-e002"
            ],
            "milestone": "tnib-m001",
            "milestone_order": "c",
            "etag": "d05893dc1ec8fb30"
          },
          "progress": {
            "total": 4,
            "done": 0,
            "percent": 0,
            "scrapped": 0,
            "deferred": 0
          },
          "items": [
            {
              "id": "tnib-f008",
              "slug": "team-velocity-chart",
              "path": "data/tnib-f008--team-velocity-chart.md",
              "version": 2,
              "title": "Team velocity chart",
              "status": "todo",
              "type": "feature",
              "priority": "normal",
              "estimate": "l",
              "created_at": "2026-03-05T11:00:00Z",
              "updated_at": "2026-03-15T10:00:00Z",
              "body": "\nSprint-over-sprint velocity chart showing completed story points per sprint with trend line.\n\n## Acceptance Criteria\n\n- [ ] Bar chart showing points completed per sprint\n- [ ] Rolling average trend line\n- [ ] Configurable sprint length (1-4 weeks)\n- [ ] Export chart as PNG\n",
              "parent": "tnib-e003",
              "order": "a",
              "area": "web/dashboard",
              "etag": "db158c1f663d305c"
            },
            {
              "id": "tnib-f009",
              "slug": "personal-task-dashboard",
              "path": "data/tnib-f009--personal-task-dashboard.md",
              "version": 2,
              "title": "Personal task dashboard",
              "status": "todo",
              "type": "feature",
              "priority": "normal",
              "estimate": "l",
              "created_at": "2026-03-05T11:30:00Z",
              "updated_at": "2026-03-15T10:00:00Z",
              "body": "\nCustomizable personal dashboard showing assigned tasks, upcoming deadlines, and activity summary.\n\n## Acceptance Criteria\n\n- [ ] \"My Tasks\" widget with filtering\n- [ ] Upcoming deadlines widget (next 7 days)\n- [ ] Recent activity feed widget\n- [ ] Draggable widget layout (persisted per user)\n",
              "parent": "tnib-e003",
              "order": "b",
              "etag": "074a44997b9411a3"
            },
            {
              "id": "tnib-f010",
              "slug": "export-reports-csv-pdf",
              "path": "data/tnib-f010--export-reports-csv-pdf.md",
              "version": 2,
              "title": "Export reports to CSV and PDF",
              "status": "draft",
              "type": "feature",
              "priority": "low",
              "estimate": "l",
              "created_at": "2026-03-08T09:00:00Z",
              "updated_at": "2026-03-15T10:00:00Z",
              "body": "\nAllow exporting task lists, sprint reports, and velocity data as CSV or PDF files.\n\n## Acceptance Criteria\n\n- [ ] CSV export for task lists with all fields\n- [ ] PDF report with charts and summary\n- [ ] Scheduled email reports (weekly digest)\n",
              "parent": "tnib-e003",
              "order": "c",
              "etag": "9869563037010667"
            },
            {
              "id": "tnib-b005",
              "slug": "date-picker-timezone",
              "path": "data/tnib-b005--date-picker-timezone.md",
              "version": 2,
              "title": "Date picker shows wrong timezone for remote users",
              "status": "todo",
              "type": "bug",
              "priority": "normal",
              "estimate": "m",
              "created_at": "2026-03-10T09:00:00Z",
              "updated_at": "2026-03-15T10:00:00Z",
              "body": "\n## Steps to Reproduce\n\n1. Set system timezone to UTC+9 (Tokyo)\n2. Open task with due date \"2026-03-15\"\n3. Date picker shows \"March 14\" (off by one due to UTC conversion)\n\n## Expected vs Actual\n\n**Expected:** Date picker shows the date as entered, in user's local timezone\n**Actual:** Date displayed relative to UTC, causing off-by-one for users east of UTC\n\n## Root Cause\n\nDates stored as UTC timestamps but rendered without timezone conversion. Should store as date-only (no time component) or convert to user's timezone on display.\n",
              "parent": "tnib-e003",
              "order": "d",
              "area": "web",
              "etag": "8d286d66083ad752"
            }
          ]
        },
        {
          "nib": {
            "id": "tnib-e004",
            "slug": "api-and-integrations",
            "path": "data/tnib-e004--api-and-integrations.md",
            "version": 2,
            "title": "API \u0026 Integrations",
            "status": "todo",
            "type": "epic",
            "priority": "normal",
            "created_at": "2026-02-20T14:00:00Z",
            "updated_at": "2026-03-15T10:00:00Z",
            "body": "\n## Objective\n\nExpose a webhook system for third-party integrations and lay groundwork for future Slack/GitHub integrations.\n\n## Acceptance Criteria\n\n- [ ] Webhook registration and delivery with retry\n- [ ] At least one external integration (Slack or GitHub)\n- [ ] REST API documented with OpenAPI spec\n\n## Scope Boundaries\n\n- GraphQL API deferred to v1.2\n- Two-way sync with external tools deferred\n",
            "milestone": "tnib-m001",
            "milestone_order": "d",
            "etag": "f8dd857da2f11646"
          },
          "progress": {
            "total": 3,
            "done": 0,
            "percent": 0,
            "scrapped": 1,
            "deferred": 1
          },
          "items": [
            {
              "id": "tnib-f011",
              "slug": "webhook-delivery-system",
              "path": "data/tnib-f011--webhook-delivery-system.md",
              "version": 2,
              "title": "Webhook delivery system",
              "status": "todo",
              "type": "feature",
              "priority": "normal",
              "estimate": "l",
              "created_at": "2026-03-05T14:00:00Z",
              "updated_at": "2026-03-15T10:00:00Z",
              "body": "\nHTTP webhook system for notifying external services of task events (created, updated, deleted, assigned).\n\n## Acceptance Criteria\n\n- [ ] Register webhook URLs with event type filters\n- [ ] HMAC-SHA256 signature verification\n- [ ] Retry with exponential backoff (max 5 attempts)\n- [ ] Delivery log with status and response time\n",
              "parent": "tnib-e004",
              "order": "a",
              "area": "api/webhooks",
              "etag": "4ed4704558027837"
            },
            {
              "id": "tnib-f012",
              "slug": "slack-integration",
              "path": "data/tnib-f012--slack-integration.md",
              "version": 2,
              "title": "Slack integration",
              "status": "deferred",
              "type": "feature",
              "priority": "low",
              "estimate": "l",
              "created_at": "2026-03-08T09:00:00Z",
              "updated_at": "2026-03-15T10:00:00Z",
              "body": "\nSlack bot that posts task updates to channels and allows creating tasks via slash commands.\n\n## Acceptance Criteria\n\n- [ ] Slack app with OAuth2 installation flow\n- [ ] `/taskflow create` slash command\n- [ ] Channel notifications for task events\n- [ ] Thread replies linked to task comments\n",
              "parent": "tnib-e004",
              "order": "b",
              "etag": "65efcf0ef6ca3573"
            },
            {
              "id": "tnib-b006",
              "slug": "webhook-missing-updated-at",
              "path": "data/tnib-b006--webhook-missing-updated-at.md",
              "version": 2,
              "title": "Webhook payloads missing updated_at timestamp",
              "status": "todo",
              "type": "bug",
              "priority": "normal",
              "estimate": "s",
              "created_at": "2026-03-10T14:00:00Z",
              "updated_at": "2026-03-15T10:00:00Z",
              "body": "\n## Steps to Reproduce\n\n1. Register a webhook for task.updated events\n2. Update a task\n3. Inspect the webhook payload\n\n## Expected vs Actual\n\n**Expected:** Payload includes `updated_at` timestamp\n**Actual:** `updated_at` field is missing from the payload\n\n## Root Cause\n\nWebhook serializer uses `TaskSummary` struct which doesn't include `UpdatedAt` field. Need to add it to the struct and the JSON serialization.\n",
              "parent": "tnib-e004",
              "order": "d",
              "etag": "5bc3a1c0e13cfd91"
            }
          ]
        }
      ]
    },
    {
      "milestone": {
        "id": "tnib-m002",
        "slug": "v1-1-team-collaboration",
        "path": "data/tnib-m002--v1-1-team-collaboration.md",
        "version": 2,
        "title": "v1.1 Team Collaboration",
        "status": "draft",
        "type": "milestone",
        "priority": "normal",
        "created_at": "2026-03-10T09:00:00Z",
        "updated_at": "2026-03-20T11:00:00Z",
        "body": "\nAdd real-time collaboration features, notification system, and activity feeds. Depends on v1.0 infrastructure being stable.\n\n## Goal\n\nEnable teams to collaborate in real-time on shared task boards with live updates and notifications.\n\n## Key Decisions\n\n- WebSocket for real-time (not SSE) — need bidirectional communication\n- Event sourcing for activity feed to support retroactive queries\n",
        "order": "b",
        "etag": "2f99e2b2bbfd625f"
      },
      "progress": {
        "total": 2,
        "done": 0,
        "percent": 0,
        "scrapped": 0,
        "deferred": 0
      },
      "queue": [
        {
          "nib": {
            "id": "tnib-e005",
            "slug": "real-time-collaboration",
            "path": "data/tnib-e005--real-time-collaboration.md",
            "version": 2,
            "title": "Real-time Collaboration",
            "status": "draft",
            "type": "epic",
            "priority": "normal",
            "estimate": "xl",
            "created_at": "2026-03-10T10:00:00Z",
            "updated_at": "2026-03-18T09:00:00Z",
            "body": "\n## Objective\n\nEnable live multi-user editing with WebSocket-based updates and conflict resolution.\n\n## Acceptance Criteria\n\n- [ ] WebSocket server with connection management\n- [ ] Optimistic UI updates with server reconciliation\n- [ ] Activity feed powered by event sourcing\n\n## Scope Boundaries\n\n- Operational transform / CRDT for rich text editing deferred\n- Voice/video collaboration out of scope\n",
            "documents": [
              "docs/websocket-rfc.md"
            ],
            "milestone": "tnib-m002",
            "milestone_order": "a",
            "etag": "4c5a14edf5ecfe06"
          },
          "progress": {
            "total": 2,
            "done": 0,
            "percent": 0,
            "scrapped": 0,
            "deferred": 0
          },
          "items": [
            {
              "id": "tnib-f014",
              "slug": "websocket-live-updates",
              "path": "data/tnib-f014--websocket-live-updates.md",
              "version": 2,
              "title": "WebSocket live updates",
              "status": "draft",
              "type": "feature",
              "priority": "normal",
              "estimate": "xl",
              "created_at": "2026-03-12T09:00:00Z",
              "updated_at": "2026-03-18T09:00:00Z",
              "body": "\nReal-time task board updates via WebSocket connections with optimistic UI and server reconciliation.\n\n## Acceptance Criteria\n\n- [ ] WebSocket server with connection lifecycle management\n- [ ] Client-side optimistic updates with rollback on conflict\n- [ ] Presence indicators (who's viewing what)\n- [ ] Graceful reconnection with state sync\n",
              "parent": "tnib-e005",
              "documents": [
                "docs/websocket-rfc.md"
              ],
              "order": "a",
              "etag": "c67df380067a71e1"
            },
            {
              "id": "tnib-f015",
              "slug": "activity-feed",
              "path": "data/tnib-f015--activity-feed.md",
              "version": 2,
              "title": "Activity feed",
              "status": "draft",
              "type": "feature",
              "priority": "normal",
              "estimate": "l",
              "created_at": "2026-03-12T10:00:00Z",
              "updated_at": "2026-03-18T09:00:00Z",
              "body": "\nChronological activity feed showing task changes, comments, and team activity powered by event sourcing.\n\n## Acceptance Criteria\n\n- [ ] Event sourcing pipeline capturing all task mutations\n- [ ] Feed UI with infinite scroll\n- [ ] Filter by user, project, or event type\n- [ ] @mention highlighting\n",
              "parent": "tnib-e005",
              "order": "b",
              "etag": "7103f6fa0485e150"
            }
          ]
        },
        {
          "nib": {
            "id": "tnib-e006",
            "slug": "notifications-system",
            "path": "data/tnib-e006--notifications-system.md",
            "version": 2,
            "title": "Notifications System",
            "status": "draft",
            "type": "epic",
            "priority": "normal",
            "created_at": "2026-03-10T11:00:00Z",
            "updated_at": "2026-03-18T09:00:00Z",
            "body": "\n## Objective\n\nDeliver in-app and email notifications for task assignments, mentions, and deadline reminders.\n\n## Acceptance Criteria\n\n- [ ] In-app notification center with read/unread state\n- [ ] Email digest (daily/weekly configurable)\n- [ ] Push notifications on mobile (PWA)\n\n## Scope Boundaries\n\n- SMS notifications out of scope\n- Notification preferences UI in v1.1, API-only in v1.0\n",
            "milestone": "tnib-m002",
            "milestone_order": "b",
            "etag": "c24a8d59e33595cf"
          },
          "progress": {
            "total": 3,
            "done": 0,
            "percent": 0,
            "scrapped": 0,
            "deferred": 0
          },
          "items": [
            {
              "id": "tnib-f016",
              "slug": "in-app-notification-center",
              "path": "data/tnib-f016--in-app-notification-center.md",
              "version": 2,
              "title": "In-app notification center",
              "status": "draft",
              "type": "feature",
              "priority": "normal",
              "estimate": "m",
              "created_at": "2026-03-12T11:00:00Z",
              "updated_at": "2026-03-18T09:00:00Z",
              "body": "\nBell icon notification center with real-time badge count and read/unread state management.\n\n## Acceptance Criteria\n\n- [ ] Notification bell with unread count badge\n- [ ] Dropdown panel with recent notifications\n- [ ] Mark as read (individual and bulk)\n- [ ] Click-through to relevant task/comment\n",
              "parent": "tnib-e006",
              "order": "a",
              "etag": "f5b9eda2917d92d0"
            },
            {
              "id": "tnib-f017",
              "slug": "email-digest-notifications",
              "path": "data/tnib-f017--email-digest-notifications.md",
              "version": 2,
              "title": "Email digest notifications",
              "status": "draft",
              "type": "feature",
              "priority": "low",
              "estimate": "m",
              "created_at": "2026-03-12T11:30:00Z",
              "updated_at": "2026-03-18T09:00:00Z",
              "body": "\nConfigurable email digest summarizing task updates, mentions, and upcoming deadlines.\n\n## Acceptance Criteria\n\n- [ ] Daily or weekly digest (user-configurable)\n- [ ] Summary of assigned task changes\n- [ ] Upcoming deadline reminders\n- [ ] Unsubscribe link in every email\n",
              "parent": "tnib-e006",
              "order": "b",
              "etag": "7ecfb346e95a7fb1"
            },
            {
              "id": "tnib-b007",
              "slug": "push-notification-permission",
              "path": "data/tnib-b007--push-notification-permission.md",
              "version": 2,
              "title": "Push notifications not requesting permission on mobile",
              "status": "draft",
              "type": "bug",
              "priority": "low",
              "estimate": "s",
              "created_at": "2026-03-14T09:00:00Z",
              "updated_at": "2026-03-18T09:00:00Z",
              "body": "\n## Steps to Reproduce\n\n1. Open app on mobile Safari (iOS 16+)\n2. No permission prompt appears for push notifications\n3. Notification settings show \"Not Determined\"\n\n## Expected vs Actual\n\n**Expected:** Permission prompt shown on first relevant action (e.g., enabling notifications)\n**Actual:** Permission never requested because Service Worker registration fails silently on mobile Safari\n\n## Root Cause\n\nService Worker scope is misconfigured — needs investigation into Safari PWA requirements.\n",
              "parent": "tnib-e006",
              "order": "c",
              "etag": "6a06f65bcf2300c8"
            }
          ]
        }
      ]
    }
  ],
  "backlog": {
    "queue": [
      {
        "nib": {
          "id": "tnib-t034",
          "slug": "database-migration-strategy",
          "path": "data/tnib-t034--database-migration-strategy.md",
          "version": 2,
          "title": "Write database migration strategy doc",
          "status": "todo",
          "type": "task",
          "priority": "normal",
          "estimate": "m",
          "tags": [
            "docs"
          ],
          "created_at": "2026-03-05T09:00:00Z",
          "updated_at": "2026-03-15T10:00:00Z",
          "body": "\n## Description\n\nDocument our approach to database migrations: tool choice (golang-migrate), naming conventions, rollback procedures, and zero-downtime migration patterns.\n\n## Verification\n\n- [ ] Migration tool documented (golang-migrate)\n- [ ] Naming convention: `YYYYMMDDHHMMSS_description.sql`\n- [ ] Rollback procedure for each migration type\n- [ ] Zero-downtime patterns for schema changes\n",
          "order": "e",
          "etag": "42535f5d6813d998"
        }
      },
      {
        "nib": {
          "id": "tnib-t035",
          "slug": "accessibility-audit",
          "path": "data/tnib-t035--accessibility-audit.md",
          "version": 2,
          "title": "Accessibility audit",
          "status": "todo",
          "type": "task",
          "priority": "low",
          "estimate": "l",
          "tags": [
            "a11y"
          ],
          "created_at": "2026-03-10T09:00:00Z",
          "updated_at": "2026-03-15T10:00:00Z",
          "body": "\n## Description\n\nConduct WCAG 2.1 AA compliance audit of all UI screens. Use axe-core automated testing plus manual keyboard and screen reader testing.\n\n## Verification\n\n- [ ] Automated axe-core scan with zero critical violations\n- [ ] All interactive elements keyboard accessible\n- [ ] Screen reader navigation tested (VoiceOver + NVDA)\n- [ ] Color contrast ratios meet AA standard (4.5:1 for text)\n",
          "order": "f",
          "etag": "0c7f45aa56b40edf"
        }
      },
      {
        "nib": {
          "id": "tnib-t036",
          "slug": "security-pen-testing",
          "path": "data/tnib-t036--security-pen-testing.md",
          "version": 2,
          "title": "Security penetration testing",
          "status": "todo",
          "type": "task",
          "priority": "high",
          "estimate": "xl",
          "tags": [
            "security"
          ],
          "created_at": "2026-03-10T10:00:00Z",
          "updated_at": "2026-03-15T10:00:00Z",
          "body": "\n## Description\n\nConduct security penetration testing covering OWASP Top 10 vulnerabilities. Must be completed before public beta launch.\n\n## Verification\n\n- [ ] OWASP Top 10 checklist reviewed\n- [ ] SQL injection testing on all API endpoints\n- [ ] XSS testing on all user input fields\n- [ ] Authentication bypass attempts documented\n- [ ] Report with findings and severity ratings\n",
          "blocked_by": [
            "tnib-e001"
          ],
          "order": "g",
          "etag": "a58e862f6e860909"
        }
      },
      {
        "nib": {
          "id": "tnib-t037",
          "slug": "update-npm-dependencies",
          "path": "data/tnib-t037--update-npm-dependencies.md",
          "version": 2,
          "title": "Update npm dependencies to latest",
          "status": "in-progress",
          "type": "task",
          "priority": "normal",
          "estimate": "s",
          "created_at": "2026-03-20T09:00:00Z",
          "updated_at": "2026-03-25T10:00:00Z",
          "body": "\n## Description\n\nUpdate all npm dependencies to latest compatible versions. Check for breaking changes in major version bumps.\n\n## Verification\n\n- [x] `npm audit` shows zero high/critical vulnerabilities\n- [ ] All tests pass after update\n- [ ] Visual regression check on main UI screens\n",
          "order": "h",
          "etag": "bc63aa9b1dbb7d78"
        }
      },
      {
        "nib": {
          "id": "tnib-t039",
          "slug": "optimize-docker-image",
          "path": "data/tnib-t039--optimize-docker-image.md",
          "version": 2,
          "title": "Optimize Docker image size",
          "status": "todo",
          "type": "task",
          "priority": "low",
          "estimate": "m",
          "tags": [
            "devops"
          ],
          "created_at": "2026-03-12T09:00:00Z",
          "updated_at": "2026-03-15T10:00:00Z",
          "body": "\n## Description\n\nReduce Docker image size from ~800MB to \u003c200MB using multi-stage builds, Alpine base, and pruning dev dependencies.\n\n## Verification\n\n- [ ] Multi-stage Dockerfile (build + runtime)\n- [ ] Alpine or distroless base image\n- [ ] Final image size \u003c200MB\n- [ ] All health checks pass on optimized image\n",
          "order": "j",
          "area": "infra",
          "etag": "01af6d24214ae267"
        }
      },
      {
        "nib": {
          "id": "tnib-t040",
          "slug": "load-testing",
          "path": "data/tnib-t040--load-testing.md",
          "version": 2,
          "title": "Load testing with 1000 concurrent users",
          "status": "todo",
          "type": "task",
          "priority": "normal",
          "estimate": "l",
          "tags": [
            "perf"
          ],
          "created_at": "2026-03-15T09:00:00Z",
          "updated_at": "2026-03-20T10:00:00Z",
          "body": "\n## Description\n\nLoad test with k6 simulating 1000 concurrent users performing typical workflows. Establish baseline metrics and find breaking points.\n\n## Verification\n\n- [ ] k6 test scripts for: login, list tasks, create task, update task\n- [ ] Sustained 1000 concurrent users for 10 minutes\n- [ ] p95 response time \u003c500ms for all endpoints\n- [ ] Error rate \u003c0.1%\n- [ ] Results documented with graphs\n",
          "order": "k",
          "etag": "c8e6feae654be97a"
        }
      },
      {
        "nib": {
          "id": "tnib-t044",
          "slug": "onboarding-guide",
          "path": "data/tnib-t044--onboarding-guide.md",
          "version": 2,
          "title": "Write onboarding guide for new developers",
          "status": "todo",
          "type": "task",
          "priority": "normal",
          "estimate": "m",
          "tags": [
            "docs"
          ],
          "created_at": "2026-03-18T09:00:00Z",
          "updated_at": "2026-03-20T10:00:00Z",
          "body": "\n## Description\n\nGetting-started guide covering local development setup, project structure, coding conventions, PR process, and debugging tips.\n\n## Verification\n\n- [ ] Prerequisites section (Go 1.22+, Node 20+, Docker)\n- [ ] Step-by-step local setup instructions\n- [ ] Project structure overview with package responsibilities\n- [ ] Common debugging scenarios and tools\n",
          "order": "m",
          "etag": "63d3d150dfbcac4f"
        }
      },
      {
        "nib": {
          "id": "tnib-b008",
          "slug": "dev-server-memory-leak",
          "path": "data/tnib-b008--dev-server-memory-leak.md",
          "version": 2,
          "title": "Memory leak in development server after hot reload",
          "status": "in-progress",
          "type": "bug",
          "priority": "critical",
          "estimate": "s",
          "created_at": "2026-03-22T09:00:00Z",
          "updated_at": "2026-03-25T14:00:00Z",
          "body": "\n## Steps to Reproduce\n\n1. Start development server with `npm run dev`\n2. Make 20+ file changes triggering hot reload\n3. Observe Node.js memory usage climbing from ~150MB to 1.2GB+\n\n## Expected vs Actual\n\n**Expected:** Memory usage stable around 200-300MB regardless of hot reloads\n**Actual:** Memory grows ~50MB per hot reload and is never reclaimed\n\n## Root Cause\n\nVite's HMR is not cleaning up old module instances. Likely related to circular dependency in the state management layer preventing garbage collection. Investigating with `--inspect` heap snapshots.\n",
          "order": "n",
          "etag": "3736427cfbc04a17"
        }
      },
      {
        "nib": {
          "id": "tnib-b009",
          "slug": "flaky-user-service-test",
          "path": "data/tnib-b009--flaky-user-service-test.md",
          "version": 2,
          "title": "Flaky test in user_service_test.go",
          "status": "todo",
          "type": "bug",
          "priority": "high",
          "estimate": "s",
          "created_at": "2026-03-18T09:00:00Z",
          "updated_at": "2026-03-22T10:00:00Z",
          "body": "\n## Steps to Reproduce\n\n1. Run `go test ./internal/service/ -count=100`\n2. TestUserService_ConcurrentUpdate fails ~5% of the time\n\n## Expected vs Actual\n\n**Expected:** Test passes consistently\n**Actual:** Intermittent failure with \"context deadline exceeded\" — race condition in test setup\n\n## Root Cause\n\nTest uses a shared database connection pool without proper per-test isolation. When tests run in parallel, the pool is exhausted and some tests timeout waiting for a connection. Need to use `t.Parallel()` with per-test transactions.\n",
          "order": "o",
          "etag": "0000e554edfb36cb"
        }
      },
      {
        "nib": {
          "id": "tnib-b010",
          "slug": "safari-grid-layout",
          "path": "data/tnib-b010--safari-grid-layout.md",
          "version": 2,
          "title": "CSS grid layout breaks on Safari 15",
          "status": "todo",
          "type": "bug",
          "priority": "normal",
          "estimate": "m",
          "tags": [
            "browser-compat"
          ],
          "created_at": "2026-03-15T09:00:00Z",
          "updated_at": "2026-03-20T10:00:00Z",
          "body": "\n## Steps to Reproduce\n\n1. Open task board in Safari 15.x\n2. Observe columns overlapping when board has \u003e5 columns\n\n## Expected vs Actual\n\n**Expected:** Columns sized correctly with horizontal scroll when needed\n**Actual:** Columns overlap because Safari 15 doesn't support `subgrid` — falls back to `auto` sizing\n\n## Root Cause\n\nWe use `grid-template-columns: subgrid` which Safari didn't support until 16.0. Need fallback for Safari 15 using explicit column definitions.\n",
          "order": "p",
          "etag": "2798b3e68af60952"
        }
      },
      {
        "nib": {
          "id": "tnib-b011",
          "slug": "api-500-malformed-json",
          "path": "data/tnib-b011--api-500-malformed-json.md",
          "version": 2,
          "title": "API returns 500 on malformed JSON body",
          "status": "todo",
          "type": "bug",
          "priority": "high",
          "estimate": "s",
          "created_at": "2026-03-18T10:00:00Z",
          "updated_at": "2026-03-22T09:00:00Z",
          "body": "\n## Steps to Reproduce\n\n1. Send POST /api/tasks with body: `{invalid json`\n2. Server returns 500 Internal Server Error\n\n## Expected vs Actual\n\n**Expected:** 400 Bad Request with message \"Invalid JSON: unexpected character at position 1\"\n**Actual:** 500 Internal Server Error with generic message — json.Decoder error is not caught by error middleware\n\n## Root Cause\n\nError middleware only handles our custom `AppError` type. stdlib `json.SyntaxError` and `json.UnmarshalTypeError` fall through to the default 500 handler. Need to add type switches in the error middleware.\n",
          "order": "q",
          "area": "api",
          "etag": "f9db76e2724dd1d4"
        }
      },
      {
        "nib": {
          "id": "tnib-f019",
          "slug": "keyboard-shortcuts",
          "path": "data/tnib-f019--keyboard-shortcuts.md",
          "version": 2,
          "title": "Keyboard shortcuts for power users",
          "status": "todo",
          "type": "feature",
          "priority": "normal",
          "estimate": "m",
          "tags": [
            "ux"
          ],
          "created_at": "2026-03-15T09:00:00Z",
          "updated_at": "2026-03-20T10:00:00Z",
          "body": "\nVim-inspired keyboard shortcuts for task navigation, creation, and status changes.\n\n## Acceptance Criteria\n\n- [ ] `j`/`k` for list navigation\n- [ ] `c` to create task, `e` to edit\n- [ ] `1`-`5` to set priority\n- [ ] `?` to show shortcut cheat sheet\n",
          "order": "s",
          "etag": "af4d910c188e55d8"
        }
      },
      {
        "nib": {
          "id": "tnib-f020",
          "slug": "bulk-task-operations",
          "path": "data/tnib-f020--bulk-task-operations.md",
          "version": 2,
          "title": "Bulk task operations",
          "status": "todo",
          "type": "feature",
          "priority": "normal",
          "estimate": "l",
          "created_at": "2026-03-15T10:00:00Z",
          "updated_at": "2026-03-20T10:00:00Z",
          "body": "\nSelect multiple tasks and perform bulk operations (assign, change status, move, delete).\n\n## Acceptance Criteria\n\n- [ ] Checkbox-based multi-select in list view\n- [ ] Bulk status change\n- [ ] Bulk assignment\n- [ ] Batch API endpoint for programmatic use\n",
          "order": "t",
          "etag": "9dc1830523bc37e0"
        }
      },
      {
        "nib": {
          "id": "tnib-b012",
          "slug": "search-stale-after-delete",
          "path": "data/tnib-b012--search-stale-after-delete.md",
          "version": 2,
          "title": "Search results not updating after task deletion",
          "status": "in-progress",
          "type": "bug",
          "priority": "normal",
          "estimate": "s",
          "created_at": "2026-03-20T14:00:00Z",
          "updated_at": "2026-03-25T11:00:00Z",
          "body": "\n## Steps to Reproduce\n\n1. Create a task with title \"quarterly review\"\n2. Delete the task\n3. Search for \"quarterly\" — deleted task still appears in results\n\n## Expected vs Actual\n\n**Expected:** Deleted tasks excluded from search results immediately\n**Actual:** Search index retains deleted tasks until server restart\n\n## Root Cause\n\nDelete handler removes from database but doesn't update the Bleve search index. Need to call `index.Delete(taskID)` in the delete path.\n",
          "order": "u",
          "etag": "aef2f33711280d2f"
        }
      },
      {
        "nib": {
          "id": "tnib-b013",
          "slug": "file-upload-special-chars",
          "path": "data/tnib-b013--file-upload-special-chars.md",
          "version": 2,
          "title": "File upload fails for names with special characters",
          "status": "todo",
          "type": "bug",
          "priority": "high",
          "estimate": "s",
          "tags": [
            "i18n"
          ],
          "created_at": "2026-03-20T15:00:00Z",
          "updated_at": "2026-03-22T09:00:00Z",
          "body": "\n## Steps to Reproduce\n\n1. Attach a file named `报告_2026年.pdf` to a task\n2. Upload fails with \"Invalid filename\" error\n\n## Expected vs Actual\n\n**Expected:** File uploaded successfully with Unicode filename preserved\n**Actual:** Filename validation regex `^[a-zA-Z0-9._-]+$` rejects non-ASCII characters\n\n## Root Cause\n\nOverly restrictive filename validation. Should sanitize path separators and null bytes but allow Unicode characters.\n",
          "order": "v",
          "etag": "46faa8c88f9c984f"
        }
      },
      {
        "nib": {
          "id": "tnib-b014",
          "slug": "race-condition-concurrent-updates",
          "path": "data/tnib-b014--race-condition-concurrent-updates.md",
          "version": 2,
          "title": "Race condition in concurrent task updates",
          "status": "todo",
          "type": "bug",
          "priority": "critical",
          "estimate": "l",
          "created_at": "2026-03-22T09:00:00Z",
          "updated_at": "2026-03-25T10:00:00Z",
          "body": "\n## Steps to Reproduce\n\n1. Open the same task in two browser tabs\n2. Change status to \"done\" in tab A\n3. Immediately change assignee in tab B (before tab A's change is reflected)\n4. Tab B's update overwrites tab A's status change\n\n## Expected vs Actual\n\n**Expected:** Optimistic concurrency detects the conflict and prompts user to resolve\n**Actual:** Last write wins — tab B's update silently reverts tab A's status change\n\n## Root Cause\n\nAPI uses PUT (full replace) instead of PATCH (partial update). No ETag/If-Match headers for optimistic concurrency control. Need to implement either:\n1. ETags with If-Match headers (preferred)\n2. Field-level versioning\n",
          "order": "w",
          "etag": "9103b23bcaa49262"
        }
      },
      {
        "nib": {
          "id": "tnib-b015",
          "slug": "dropdown-zindex-modal",
          "path": "data/tnib-b015--dropdown-zindex-modal.md",
          "version": 2,
          "title": "Dropdown menu z-index conflict with modal",
          "status": "todo",
          "type": "bug",
          "priority": "normal",
          "estimate": "s",
          "tags": [
            "ux"
          ],
          "created_at": "2026-03-22T10:00:00Z",
          "updated_at": "2026-03-25T09:00:00Z",
          "body": "\n## Steps to Reproduce\n\n1. Open the task edit modal\n2. Click the priority dropdown inside the modal\n3. Dropdown renders behind the modal backdrop\n\n## Expected vs Actual\n\n**Expected:** Dropdown floats above the modal\n**Actual:** Dropdown is clipped by modal's `overflow: hidden` and renders behind the backdrop\n\n## Root Cause\n\nDropdown uses `position: absolute` relative to the modal, which has `overflow: hidden`. Need to portal the dropdown to `document.body` or use Floating UI for proper positioning.\n",
          "order": "x",
          "etag": "444657b306d95121"
        }
      }
    ]
  }
}
